top\codejava\aiops\application\usecase\OpsUseCase.class
top\codejava\aiops\application\dto\RemoteDeployRequest.class
top\codejava\aiops\application\port\LocalAiPort.class
top\codejava\aiops\application\dto\WorkflowModels$TargetProbePayload.class
top\codejava\aiops\application\dto\WorkflowModels$WorkflowStageStatus.class
top\codejava\aiops\application\dto\WorkflowModels$AnalyzeLogResponse.class
top\codejava\aiops\application\dto\RemoteDeployResult.class
top\codejava\aiops\application\dto\WorkflowModels$AnalyzeLogRequest.class
top\codejava\aiops\application\dto\WorkflowModels$WorkflowWarning.class
top\codejava\aiops\application\dto\WorkflowModels$CredentialType.class
top\codejava\aiops\application\dto\WorkflowModels$LocalAnalysisPayload.class
top\codejava\aiops\application\dto\WorkflowModels$TargetCredential.class
top\codejava\aiops\application\dto\WorkflowModels$WorkflowStage.class
top\codejava\aiops\application\port\WorkflowTargetProbePort.class
top\codejava\aiops\application\dto\WorkflowModels$WorkflowStateSnapshot.class
top\codejava\aiops\application\dto\WorkflowModels$AnalyzeLocalRequest.class
top\codejava\aiops\application\dto\BuildScriptRequest.class
top\codejava\aiops\application\dto\WorkflowModels$DiagnosticCategory.class
top\codejava\aiops\application\dto\WorkflowModels$BilingualText.class
top\codejava\aiops\application\dto\WorkflowModels$DiagnosticFinding.class
top\codejava\aiops\application\dto\WorkflowModels$ScriptStreamStart.class
top\codejava\aiops\application\port\WorkflowSessionPort.class
top\codejava\aiops\application\port\WorkflowLogAnalysisPort.class
top\codejava\aiops\application\dto\WorkflowModels$ProbeTargetRequest.class
top\codejava\aiops\application\port\RemoteAiAssistPort.class
top\codejava\aiops\application\dto\EnvironmentCheckResult.class
top\codejava\aiops\application\dto\WorkflowModels$StackComponent.class
top\codejava\aiops\application\dto\WorkflowModels$AnalyzeLocalResponse.class
top\codejava\aiops\application\dto\WorkflowModels$LocalProjectContext.class
top\codejava\aiops\application\dto\WorkflowModels$ConfigEvidence.class
top\codejava\aiops\application\port\RemoteCommandPort.class
top\codejava\aiops\application\dto\WorkflowModels$ScriptGenerationMetadata.class
top\codejava\aiops\application\port\WorkflowLocalAnalysisPort.class
top\codejava\aiops\application\port\WorkflowScriptGenerationPort.class
top\codejava\aiops\application\dto\BuildScriptResult.class
top\codejava\aiops\application\dto\WorkflowModels$LogDiagnosisPayload.class
top\codejava\aiops\application\dto\WorkflowModels.class
top\codejava\aiops\application\dto\WorkflowModels$ProbeTargetResponse.class
top\codejava\aiops\application\dto\WorkflowModels$ScriptGenerationRequest.class
top\codejava\aiops\application\dto\WorkflowModels$WorkflowSession.class
top\codejava\aiops\application\dto\WorkflowModels$ScriptStreamEvent.class
top\codejava\aiops\application\dto\WorkflowModels$ScriptStreamEventType.class
top\codejava\aiops\application\dto\WorkflowModels$StreamScriptRequest.class
top\codejava\aiops\application\dto\WorkflowModels$TargetSystemProfile.class
top\codejava\aiops\application\dto\WorkflowModels$PortProbeDecision.class
top\codejava\aiops\application\dto\WorkflowModels$Severity.class
top\codejava\aiops\application\usecase\WorkflowUseCase.class
top\codejava\aiops\application\dto\LogFilterResult.class
