D:\codenew\GM\Argus-Ops\aiops-application\src\main\java\top\codejava\aiops\application\dto\BuildScriptRequest.java
D:\codenew\GM\Argus-Ops\aiops-application\src\main\java\top\codejava\aiops\application\dto\BuildScriptResult.java
D:\codenew\GM\Argus-Ops\aiops-application\src\main\java\top\codejava\aiops\application\dto\EnvironmentCheckResult.java
D:\codenew\GM\Argus-Ops\aiops-application\src\main\java\top\codejava\aiops\application\dto\LogFilterResult.java
D:\codenew\GM\Argus-Ops\aiops-application\src\main\java\top\codejava\aiops\application\dto\RemoteDeployRequest.java
D:\codenew\GM\Argus-Ops\aiops-application\src\main\java\top\codejava\aiops\application\dto\RemoteDeployResult.java
D:\codenew\GM\Argus-Ops\aiops-application\src\main\java\top\codejava\aiops\application\dto\WorkflowModels.java
D:\codenew\GM\Argus-Ops\aiops-application\src\main\java\top\codejava\aiops\application\port\LocalAiPort.java
D:\codenew\GM\Argus-Ops\aiops-application\src\main\java\top\codejava\aiops\application\port\RemoteAiAssistPort.java
D:\codenew\GM\Argus-Ops\aiops-application\src\main\java\top\codejava\aiops\application\port\RemoteCommandPort.java
D:\codenew\GM\Argus-Ops\aiops-application\src\main\java\top\codejava\aiops\application\port\WorkflowLocalAnalysisPort.java
D:\codenew\GM\Argus-Ops\aiops-application\src\main\java\top\codejava\aiops\application\port\WorkflowLogAnalysisPort.java
D:\codenew\GM\Argus-Ops\aiops-application\src\main\java\top\codejava\aiops\application\port\WorkflowScriptGenerationPort.java
D:\codenew\GM\Argus-Ops\aiops-application\src\main\java\top\codejava\aiops\application\port\WorkflowSessionPort.java
D:\codenew\GM\Argus-Ops\aiops-application\src\main\java\top\codejava\aiops\application\port\WorkflowTargetProbePort.java
D:\codenew\GM\Argus-Ops\aiops-application\src\main\java\top\codejava\aiops\application\usecase\OpsUseCase.java
D:\codenew\GM\Argus-Ops\aiops-application\src\main\java\top\codejava\aiops\application\usecase\WorkflowUseCase.java
